drizzle.config.ts(1,10): error TS2305: Module '"drizzle-kit"' has no exported member 'defineConfig'.
lib/firebase-config.ts(9,41): error TS2305: Module '"firebase/auth"' has no exported member 'getReactNativePersistence'.
lib/offline-data.test.ts(1,40): error TS2307: Cannot find module 'bun:test' or its corresponding type declarations.
lib/offline-data.ts(13,5): error TS2739: Type '{ id: string; code: string; title: string; credits: number; description: string; category: string; year: number; semester: number; prerequisites: never[]; unlocks: string[]; }' is missing the following properties from type 'CourseWithPrereqs': corequisites, major
lib/offline-data.ts(14,5): error TS2739: Type '{ id: string; code: string; title: string; credits: number; description: string; category: string; year: number; semester: number; prerequisites: never[]; unlocks: string[]; }' is missing the following properties from type 'CourseWithPrereqs': corequisites, major
lib/offline-data.ts(15,5): error TS2739: Type '{ id: string; code: string; title: string; credits: number; description: string; category: string; year: number; semester: number; prerequisites: never[]; unlocks: string[]; }' is missing the following properties from type 'CourseWithPrereqs': corequisites, major
lib/offline-data.ts(16,5): error TS2739: Type '{ id: string; code: string; title: string; credits: number; description: string; category: string; year: number; semester: number; prerequisites: never[]; unlocks: string[]; }' is missing the following properties from type 'CourseWithPrereqs': corequisites, major
lib/offline-data.ts(17,5): error TS2739: Type '{ id: string; code: string; title: string; credits: number; description: string; category: string; year: number; semester: number; prerequisites: never[]; unlocks: string[]; }' is missing the following properties from type 'CourseWithPrereqs': corequisites, major
lib/offline-data.ts(18,5): error TS2739: Type '{ id: string; code: string; title: string; credits: number; description: string; category: string; year: number; semester: number; prerequisites: never[]; unlocks: string[]; }' is missing the following properties from type 'CourseWithPrereqs': corequisites, major
lib/offline-data.ts(19,5): error TS2739: Type '{ id: string; code: string; title: string; credits: number; description: string; category: string; year: number; semester: number; prerequisites: never[]; unlocks: string[]; }' is missing the following properties from type 'CourseWithPrereqs': corequisites, major
lib/offline-data.ts(20,5): error TS2739: Type '{ id: string; code: string; title: string; credits: number; description: string; category: string; year: number; semester: number; prerequisites: never[]; unlocks: string[]; }' is missing the following properties from type 'CourseWithPrereqs': corequisites, major
lib/offline-data.ts(23,5): error TS2739: Type '{ id: string; code: string; title: string; credits: number; description: string; category: string; year: number; semester: number; prerequisites: string[]; unlocks: string[]; }' is missing the following properties from type 'CourseWithPrereqs': corequisites, major
lib/offline-data.ts(24,5): error TS2739: Type '{ id: string; code: string; title: string; credits: number; description: string; category: string; year: number; semester: number; prerequisites: string[]; unlocks: never[]; }' is missing the following properties from type 'CourseWithPrereqs': corequisites, major
lib/offline-data.ts(25,5): error TS2739: Type '{ id: string; code: string; title: string; credits: number; description: string; category: string; year: number; semester: number; prerequisites: never[]; unlocks: never[]; }' is missing the following properties from type 'CourseWithPrereqs': corequisites, major
lib/offline-data.ts(26,5): error TS2739: Type '{ id: string; code: string; title: string; credits: number; description: string; category: string; year: number; semester: number; prerequisites: string[]; unlocks: string[]; }' is missing the following properties from type 'CourseWithPrereqs': corequisites, major
lib/offline-data.ts(27,5): error TS2739: Type '{ id: string; code: string; title: string; credits: number; description: string; category: string; year: number; semester: number; prerequisites: string[]; unlocks: string[]; }' is missing the following properties from type 'CourseWithPrereqs': corequisites, major
lib/offline-data.ts(28,5): error TS2739: Type '{ id: string; code: string; title: string; credits: number; description: string; category: string; year: number; semester: number; prerequisites: string[]; unlocks: string[]; }' is missing the following properties from type 'CourseWithPrereqs': corequisites, major
lib/offline-data.ts(62,5): error TS2739: Type '{ id: string; code: string; title: string; credits: number; description: string; category: string; year: number; semester: number; prerequisites: string[]; unlocks: string[]; }' is missing the following properties from type 'CourseWithPrereqs': corequisites, major
lib/offline-data.ts(63,5): error TS2739: Type '{ id: string; code: string; title: string; credits: number; description: string; category: string; year: number; semester: number; prerequisites: string[]; unlocks: string[]; }' is missing the following properties from type 'CourseWithPrereqs': corequisites, major
lib/offline-data.ts(64,5): error TS2739: Type '{ id: string; code: string; title: string; credits: number; description: string; category: string; year: number; semester: number; prerequisites: string[]; unlocks: string[]; }' is missing the following properties from type 'CourseWithPrereqs': corequisites, major
lib/offline-data.ts(65,5): error TS2739: Type '{ id: string; code: string; title: string; credits: number; description: string; category: string; year: number; semester: number; prerequisites: string[]; unlocks: string[]; }' is missing the following properties from type 'CourseWithPrereqs': corequisites, major
lib/offline-data.ts(66,5): error TS2739: Type '{ id: string; code: string; title: string; credits: number; description: string; category: string; year: number; semester: number; prerequisites: string[]; unlocks: string[]; }' is missing the following properties from type 'CourseWithPrereqs': corequisites, major
lib/offline-data.ts(67,5): error TS2739: Type '{ id: string; code: string; title: string; credits: number; description: string; category: string; year: number; semester: number; prerequisites: string[]; unlocks: string[]; }' is missing the following properties from type 'CourseWithPrereqs': corequisites, major
lib/offline-data.ts(68,5): error TS2739: Type '{ id: string; code: string; title: string; credits: number; description: string; category: string; year: number; semester: number; prerequisites: string[]; unlocks: string[]; }' is missing the following properties from type 'CourseWithPrereqs': corequisites, major
lib/offline-data.ts(71,5): error TS2739: Type '{ id: string; code: string; title: string; credits: number; description: string; category: string; year: number; semester: number; prerequisites: never[]; unlocks: never[]; }' is missing the following properties from type 'CourseWithPrereqs': corequisites, major
lib/offline-data.ts(72,5): error TS2739: Type '{ id: string; code: string; title: string; credits: number; description: string; category: string; year: number; semester: number; prerequisites: string[]; unlocks: never[]; }' is missing the following properties from type 'CourseWithPrereqs': corequisites, major
lib/offline-data.ts(73,5): error TS2739: Type '{ id: string; code: string; title: string; credits: number; description: string; category: string; year: number; semester: number; prerequisites: string[]; unlocks: string[]; }' is missing the following properties from type 'CourseWithPrereqs': corequisites, major
lib/offline-data.ts(74,5): error TS2739: Type '{ id: string; code: string; title: string; credits: number; description: string; category: string; year: number; semester: number; prerequisites: string[]; unlocks: string[]; }' is missing the following properties from type 'CourseWithPrereqs': corequisites, major
lib/offline-data.ts(75,5): error TS2739: Type '{ id: string; code: string; title: string; credits: number; description: string; category: string; year: number; semester: number; prerequisites: string[]; unlocks: string[]; }' is missing the following properties from type 'CourseWithPrereqs': corequisites, major
lib/offline-data.ts(76,5): error TS2739: Type '{ id: string; code: string; title: string; credits: number; description: string; category: string; year: number; semester: number; prerequisites: string[]; unlocks: string[]; }' is missing the following properties from type 'CourseWithPrereqs': corequisites, major
lib/offline-data.ts(77,5): error TS2739: Type '{ id: string; code: string; title: string; credits: number; description: string; category: string; year: number; semester: number; prerequisites: string[]; unlocks: string[]; }' is missing the following properties from type 'CourseWithPrereqs': corequisites, major
lib/offline-data.ts(80,5): error TS2739: Type '{ id: string; code: string; title: string; credits: number; description: string; category: string; year: number; semester: number; prerequisites: string[]; unlocks: string[]; }' is missing the following properties from type 'CourseWithPrereqs': corequisites, major
lib/offline-data.ts(81,5): error TS2739: Type '{ id: string; code: string; title: string; credits: number; description: string; category: string; year: number; semester: number; prerequisites: string[]; unlocks: string[]; }' is missing the following properties from type 'CourseWithPrereqs': corequisites, major
lib/offline-data.ts(82,5): error TS2739: Type '{ id: string; code: string; title: string; credits: number; description: string; category: string; year: number; semester: number; prerequisites: string[]; unlocks: string[]; }' is missing the following properties from type 'CourseWithPrereqs': corequisites, major
lib/offline-data.ts(83,5): error TS2739: Type '{ id: string; code: string; title: string; credits: number; description: string; category: string; year: number; semester: number; prerequisites: string[]; unlocks: string[]; }' is missing the following properties from type 'CourseWithPrereqs': corequisites, major
lib/offline-data.ts(84,5): error TS2739: Type '{ id: string; code: string; title: string; credits: number; description: string; category: string; year: number; semester: number; prerequisites: string[]; unlocks: never[]; }' is missing the following properties from type 'CourseWithPrereqs': corequisites, major
lib/offline-data.ts(85,5): error TS2739: Type '{ id: string; code: string; title: string; credits: number; description: string; category: string; year: number; semester: number; prerequisites: string[]; unlocks: string[]; }' is missing the following properties from type 'CourseWithPrereqs': corequisites, major
lib/offline-data.ts(86,5): error TS2739: Type '{ id: string; code: string; title: string; credits: number; description: string; category: string; year: number; semester: number; prerequisites: string[]; unlocks: never[]; }' is missing the following properties from type 'CourseWithPrereqs': corequisites, major
lib/offline-data.ts(89,5): error TS2739: Type '{ id: string; code: string; title: string; credits: number; description: string; category: string; year: number; semester: number; prerequisites: string[]; unlocks: never[]; }' is missing the following properties from type 'CourseWithPrereqs': corequisites, major
lib/offline-data.ts(90,5): error TS2739: Type '{ id: string; code: string; title: string; credits: number; description: string; category: string; year: number; semester: number; prerequisites: string[]; unlocks: never[]; }' is missing the following properties from type 'CourseWithPrereqs': corequisites, major
lib/offline-data.ts(91,5): error TS2739: Type '{ id: string; code: string; title: string; credits: number; description: string; category: string; year: number; semester: number; prerequisites: string[]; unlocks: string[]; }' is missing the following properties from type 'CourseWithPrereqs': corequisites, major
lib/offline-data.ts(92,5): error TS2739: Type '{ id: string; code: string; title: string; credits: number; description: string; category: string; year: number; semester: number; prerequisites: string[]; unlocks: never[]; }' is missing the following properties from type 'CourseWithPrereqs': corequisites, major
lib/offline-data.ts(93,5): error TS2739: Type '{ id: string; code: string; title: string; credits: number; description: string; category: string; year: number; semester: number; prerequisites: string[]; unlocks: never[]; }' is missing the following properties from type 'CourseWithPrereqs': corequisites, major
lib/offline-data.ts(96,5): error TS2739: Type '{ id: string; code: string; title: string; credits: number; description: string; category: string; year: number; semester: number; prerequisites: string[]; unlocks: never[]; }' is missing the following properties from type 'CourseWithPrereqs': corequisites, major
lib/offline-data.ts(97,5): error TS2739: Type '{ id: string; code: string; title: string; credits: number; description: string; category: string; year: number; semester: number; prerequisites: string[]; unlocks: never[]; }' is missing the following properties from type 'CourseWithPrereqs': corequisites, major
scripts/seed-firebase.ts(15,28): error TS7006: Parameter 'doc' implicitly has an 'any' type.
server/index.ts(186,11): error TS2451: Cannot redeclare block-scoped variable 'templatePath'.
server/index.ts(193,11): error TS2451: Cannot redeclare block-scoped variable 'templatePath'.
server/storage.test.ts(2,58): error TS2307: Cannot find module 'bun:test' or its corresponding type declarations.
server/storage.ts(50,39): error TS7006: Parameter 'doc' implicitly has an 'any' type.
server/storage.ts(51,26): error TS7006: Parameter 'a' implicitly has an 'any' type.
server/storage.ts(51,29): error TS7006: Parameter 'b' implicitly has an 'any' type.
server/storage.ts(64,30): error TS7006: Parameter 'doc' implicitly has an 'any' type.
server/storage.ts(71,30): error TS7006: Parameter 'doc' implicitly has an 'any' type.
server/storage.ts(78,30): error TS7006: Parameter 'doc' implicitly has an 'any' type.
server/storage.ts(83,30): error TS7006: Parameter 'doc' implicitly has an 'any' type.
server/storage.ts(88,30): error TS7006: Parameter 'doc' implicitly has an 'any' type.
